[16688:0818/132545.266:ERROR:cache_util_win.cc(20)] Unable to move the cache: Access is denied. (0x5)
[16688:0818/132545.267:ERROR:cache_util_win.cc(20)] Unable to move the cache: Access is denied. (0x5)
[16688:0818/132545.270:ERROR:cache_util_win.cc(20)] Unable to move the cache: Access is denied. (0x5)
[16688:0818/132545.278:ERROR:disk_cache.cc(208)] Unable to create cache
[16688:0818/132545.278:ERROR:gpu_disk_cache.cc(711)] Gpu Cache Creation failed: -2
[16688:0818/132545.278:ERROR:disk_cache.cc(208)] Unable to create cache
[16688:0818/132545.278:ERROR:gpu_disk_cache.cc(711)] Gpu Cache Creation failed: -2
[16688:0818/132545.280:ERROR:disk_cache.cc(208)] Unable to create cache
[16688:0818/132545.280:ERROR:gpu_disk_cache.cc(711)] Gpu Cache Creation failed: -2
[Electron Main] Embedded backend initialization error: Error [ERR_MODULE_NOT_FOUND]: Cannot find package 'express' imported from C:\Users\ayush\AppData\Local\Programs\WhatsAppAutomation\resources\app.asar.unpacked\backend\server.js
    at packageResolve (node:internal/modules/esm/resolve:860:9)
    at moduleResolve (node:internal/modules/esm/resolve:917:20)
    at defaultResolve (node:internal/modules/esm/resolve:1137:11)
    at ModuleLoader.defaultResolve (node:internal/modules/esm/loader:396:12)
    at ModuleLoader.resolve (node:internal/modules/esm/loader:365:25)
    at ModuleLoader.getModuleJob (node:internal/modules/esm/loader:240:38)
    at ModuleWrap.<anonymous> (node:internal/modules/esm/module_job:85:39)
    at link (node:internal/modules/esm/module_job:84:36) {
  code: 'ERR_MODULE_NOT_FOUND'
}
[Electron] Load failure (-102: ERR_CONNECTION_REFUSED) at http://localhost:5000/. Retrying...
(node:16688) electron: Failed to load URL: http://localhost:5000/ with error: ERR_CONNECTION_REFUSED
(Use `WhatsAppAutomation --trace-warnings ...` to show where the warning was created)
[Electron] Load failure (-102: ERR_CONNECTION_REFUSED) at http://localhost:5000/. Retrying...
(node:16688) electron: Failed to load URL: http://localhost:5000/ with error: ERR_CONNECTION_REFUSED
[Electron] Load failure (-102: ERR_CONNECTION_REFUSED) at http://localhost:5000/. Retrying...
(node:16688) electron: Failed to load URL: http://localhost:5000/ with error: ERR_CONNECTION_REFUSED
[Electron] Load failure (-102: ERR_CONNECTION_REFUSED) at http://localhost:5000/. Retrying...
(node:16688) electron: Failed to load URL: http://localhost:5000/ with error: ERR_CONNECTION_REFUSED
[Electron] Load failure (-102: ERR_CONNECTION_REFUSED) at http://localhost:5000/. Retrying...
(node:16688) electron: Failed to load URL: http://localhost:5000/ with error: ERR_CONNECTION_REFUSED
[Electron] Load failure (-102: ERR_CONNECTION_REFUSED) at http://localhost:5000/. Retrying...
(node:16688) electron: Failed to load URL: http://localhost:5000/ with error: ERR_CONNECTION_REFUSED
[Electron] Load failure (-102: ERR_CONNECTION_REFUSED) at http://localhost:5000/. Retrying...
(node:16688) electron: Failed to load URL: http://localhost:5000/ with error: ERR_CONNECTION_REFUSED
[Electron] Load failure (-102: ERR_CONNECTION_REFUSED) at http://localhost:5000/. Retrying...
(node:16688) electron: Failed to load URL: http://localhost:5000/ with error: ERR_CONNECTION_REFUSED
[Electron] Load failure (-102: ERR_CONNECTION_REFUSED) at http://localhost:5000/. Retrying...
(node:16688) electron: Failed to load URL: http://localhost:5000/ with error: ERR_CONNECTION_REFUSED
[Electron] Load failure (-102: ERR_CONNECTION_REFUSED) at http://localhost:5000/. Retrying...
(node:16688) electron: Failed to load URL: http://localhost:5000/ with error: ERR_CONNECTION_REFUSED
[Electron] Load failure (-102: ERR_CONNECTION_REFUSED) at http://localhost:5000/. Retrying...
(node:16688) electron: Failed to load URL: http://localhost:5000/ with error: ERR_CONNECTION_REFUSED
[Electron] Load failure (-102: ERR_CONNECTION_REFUSED) at http://localhost:5000/. Retrying...
(node:16688) electron: Failed to load URL: http://localhost:5000/ with error: ERR_CONNECTION_REFUSED
[Electron] Load failure (-102: ERR_CONNECTION_REFUSED) at http://localhost:5000/. Retrying...
(node:16688) electron: Failed to load URL: http://localhost:5000/ with error: ERR_CONNECTION_REFUSED
[Electron] Load failure (-102: ERR_CONNECTION_REFUSED) at http://localhost:5000/. Retrying...
(node:16688) electron: Failed to load URL: http://localhost:5000/ with error: ERR_CONNECTION_REFUSED
[Electron] Load failure (-102: ERR_CONNECTION_REFUSED) at http://localhost:5000/. Retrying...
(node:16688) electron: Failed to load URL: http://localhost:5000/ with error: ERR_CONNECTION_REFUSED
[Electron] Load failure (-102: ERR_CONNECTION_REFUSED) at http://localhost:5000/. Retrying...
(node:16688) electron: Failed to load URL: http://localhost:5000/ with error: ERR_CONNECTION_REFUSED
[Electron] Load failure (-102: ERR_CONNECTION_REFUSED) at http://localhost:5000/. Retrying...
(node:16688) electron: Failed to load URL: http://localhost:5000/ with error: ERR_CONNECTION_REFUSED
[Electron] Load failure (-102: ERR_CONNECTION_REFUSED) at http://localhost:5000/. Retrying...
(node:16688) electron: Failed to load URL: http://localhost:5000/ with error: ERR_CONNECTION_REFUSED
[Electron] Load failure (-102: ERR_CONNECTION_REFUSED) at http://localhost:5000/. Retrying...
(node:16688) electron: Failed to load URL: http://localhost:5000/ with error: ERR_CONNECTION_REFUSED
[Electron] Load failure (-102: ERR_CONNECTION_REFUSED) at http://localhost:5000/. Retrying...
(node:16688) electron: Failed to load URL: http://localhost:5000/ with error: ERR_CONNECTION_REFUSED
[Electron] Load failure (-102: ERR_CONNECTION_REFUSED) at http://localhost:5000/. Retrying...
(node:16688) electron: Failed to load URL: http://localhost:5000/ with error: ERR_CONNECTION_REFUSED
[Electron] Load failure (-102: ERR_CONNECTION_REFUSED) at http://localhost:5000/. Retrying...
(node:16688) electron: Failed to load URL: http://localhost:5000/ with error: ERR_CONNECTION_REFUSED
[Electron] Load failure (-102: ERR_CONNECTION_REFUSED) at http://localhost:5000/. Retrying...
(node:16688) electron: Failed to load URL: http://localhost:5000/ with error: ERR_CONNECTION_REFUSED
[Electron] Load failure (-102: ERR_CONNECTION_REFUSED) at http://localhost:5000/. Retrying...
(node:16688) electron: Failed to load URL: http://localhost:5000/ with error: ERR_CONNECTION_REFUSED
[Electron] Load failure (-102: ERR_CONNECTION_REFUSED) at http://localhost:5000/. Retrying...
(node:16688) electron: Failed to load URL: http://localhost:5000/ with error: ERR_CONNECTION_REFUSED
[Electron] Load failure (-102: ERR_CONNECTION_REFUSED) at http://localhost:5000/. Retrying...
(node:16688) electron: Failed to load URL: http://localhost:5000/ with error: ERR_CONNECTION_REFUSED
[Electron] Load failure (-102: ERR_CONNECTION_REFUSED) at http://localhost:5000/. Retrying...
(node:16688) electron: Failed to load URL: http://localhost:5000/ with error: ERR_CONNECTION_REFUSED
[Electron] Load failure (-102: ERR_CONNECTION_REFUSED) at http://localhost:5000/. Retrying...
(node:16688) electron: Failed to load URL: http://localhost:5000/ with error: ERR_CONNECTION_REFUSED
[Electron] Load failure (-102: ERR_CONNECTION_REFUSED) at http://localhost:5000/. Retrying...
(node:16688) electron: Failed to load URL: http://localhost:5000/ with error: ERR_CONNECTION_REFUSED
[Electron] Load failure (-102: ERR_CONNECTION_REFUSED) at http://localhost:5000/. Retrying...
(node:16688) electron: Failed to load URL: http://localhost:5000/ with error: ERR_CONNECTION_REFUSED
[Electron] Load failure (-102: ERR_CONNECTION_REFUSED) at http://localhost:5000/. Retrying...
(node:16688) electron: Failed to load URL: http://localhost:5000/ with error: ERR_CONNECTION_REFUSED
[Electron] Load failure (-102: ERR_CONNECTION_REFUSED) at http://localhost:5000/. Retrying...
(node:16688) electron: Failed to load URL: http://localhost:5000/ with error: ERR_CONNECTION_REFUSED
[Electron] Load failure (-102: ERR_CONNECTION_REFUSED) at http://localhost:5000/. Retrying...
(node:16688) electron: Failed to load URL: http://localhost:5000/ with error: ERR_CONNECTION_REFUSED
[Electron] Load failure (-102: ERR_CONNECTION_REFUSED) at http://localhost:5000/. Retrying...
(node:16688) electron: Failed to load URL: http://localhost:5000/ with error: ERR_CONNECTION_REFUSED
[Electron] Load failure (-102: ERR_CONNECTION_REFUSED) at http://localhost:5000/. Retrying...
(node:16688) electron: Failed to load URL: http://localhost:5000/ with error: ERR_CONNECTION_REFUSED
[Electron] Load failure (-102: ERR_CONNECTION_REFUSED) at http://localhost:5000/. Retrying...
(node:16688) electron: Failed to load URL: http://localhost:5000/ with error: ERR_CONNECTION_REFUSED
[Electron] Load failure (-102: ERR_CONNECTION_REFUSED) at http://localhost:5000/. Retrying...
(node:16688) electron: Failed to load URL: http://localhost:5000/ with error: ERR_CONNECTION_REFUSED
[Electron] Load failure (-102: ERR_CONNECTION_REFUSED) at http://localhost:5000/. Retrying...
(node:16688) electron: Failed to load URL: http://localhost:5000/ with error: ERR_CONNECTION_REFUSED
[Electron] Load failure (-102: ERR_CONNECTION_REFUSED) at http://localhost:5000/. Retrying...
(node:16688) electron: Failed to load URL: http://localhost:5000/ with error: ERR_CONNECTION_REFUSED
[Electron] Load failure (-102: ERR_CONNECTION_REFUSED) at http://localhost:5000/. Retrying...
(node:16688) electron: Failed to load URL: http://localhost:5000/ with error: ERR_CONNECTION_REFUSED
[Electron] Load failure (-102: ERR_CONNECTION_REFUSED) at http://localhost:5000/. Retrying...
(node:16688) electron: Failed to load URL: http://localhost:5000/ with error: ERR_CONNECTION_REFUSED
[Electron] Load failure (-102: ERR_CONNECTION_REFUSED) at http://localhost:5000/. Retrying...
(node:16688) electron: Failed to load URL: http://localhost:5000/ with error: ERR_CONNECTION_REFUSED
[Electron] Load failure (-102: ERR_CONNECTION_REFUSED) at http://localhost:5000/. Retrying...
(node:16688) electron: Failed to load URL: http://localhost:5000/ with error: ERR_CONNECTION_REFUSED
[Electron] Load failure (-102: ERR_CONNECTION_REFUSED) at http://localhost:5000/. Retrying...
(node:16688) electron: Failed to load URL: http://localhost:5000/ with error: ERR_CONNECTION_REFUSED
[Electron] Load failure (-102: ERR_CONNECTION_REFUSED) at http://localhost:5000/. Retrying...
(node:16688) electron: Failed to load URL: http://localhost:5000/ with error: ERR_CONNECTION_REFUSED
[Electron] Load failure (-102: ERR_CONNECTION_REFUSED) at http://localhost:5000/. Retrying...
(node:16688) electron: Failed to load URL: http://localhost:5000/ with error: ERR_CONNECTION_REFUSED
[Electron] Load failure (-102: ERR_CONNECTION_REFUSED) at http://localhost:5000/. Retrying...
(node:16688) electron: Failed to load URL: http://localhost:5000/ with error: ERR_CONNECTION_REFUSED
